158.106.194.0 - - [29/Oct/2019:10:58:53 -0400] "GET /wp-content/themes/blue-willow/images/gifts.jpg HTTP/1.1" 200 40212 www.bluewillowtucson.com "http://www.bluewillowtucson.com/gifts/" "Mozilla/5.0 (Macintosh; Intel Mac OS X 10_13_6) AppleWebKit/537.36 (KHTML, like Gecko) Chrome/77.0.3865.90 Safari/537.36" "-"
158.106.194.0 - - [29/Oct/2019:10:58:53 -0400] "GET /wp-content/themes/blue-willow/images/bald-guy.jpg HTTP/1.1" 200 15858 www.bluewillowtucson.com "http://www.bluewillowtucson.com/gifts/" "Mozilla/5.0 (Macintosh; Intel Mac OS X 10_13_6) AppleWebKit/537.36 (KHTML, like Gecko) Chrome/77.0.3865.90 Safari/537.36" "-"
158.106.194.0 - - [29/Oct/2019:10:58:54 -0400] "GET /wp-content/themes/blue-willow/images/card-line-logos.png HTTP/1.1" 200 15674 www.bluewillowtucson.com "http://www.bluewillowtucson.com/gifts/" "Mozilla/5.0 (Macintosh; Intel Mac OS X 10_13_6) AppleWebKit/537.36 (KHTML, like Gecko) Chrome/77.0.3865.90 Safari/537.36" "-"
158.106.194.0 - - [29/Oct/2019:10:58:54 -0400] "GET /wp-content/themes/blue-willow/images/holly-yashi-necklace.jpg HTTP/1.1" 200 17523 www.bluewillowtucson.com "http://www.bluewillowtucson.com/gifts/" "Mozilla/5.0 (Macintosh; Intel Mac OS X 10_13_6) AppleWebKit/537.36 (KHTML, like Gecko) Chrome/77.0.3865.90 Safari/537.36" "-"
158.106.194.0 - - [29/Oct/2019:10:58:54 -0400] "GET /favicon.ico HTTP/1.1" 200 - www.bluewillowtucson.com "http://www.bluewillowtucson.com/gifts/" "Mozilla/5.0 (Macintosh; Intel Mac OS X 10_13_6) AppleWebKit/537.36 (KHTML, like Gecko) Chrome/77.0.3865.90 Safari/537.36" "-"
40.70.214.0 - - [29/Oct/2019:10:59:24 -0400] "POST /wp-login.php HTTP/1.1" 200 3792 www.bluewillowtucson.com "http://www.bluewillowtucson.com/wp-login.php" "Mozilla/5.0 (Windows NT 10.0; Win64; x64) AppleWebKit/537.36 (KHTML, like Gecko) Chrome/63.0.3239.132 Safari/537.36" "-"
40.70.214.0 - - [29/Oct/2019:11:00:25 -0400] "POST /wp-login.php HTTP/1.1" 200 3792 www.bluewillowtucson.com "http://www.bluewillowtucson.com/wp-login.php" "Mozilla/5.0 (Windows NT 10.0; Win64; x64) AppleWebKit/537.36 (KHTML, like Gecko) Chrome/63.0.3239.132 Safari/537.36" "-"
24.255.119.0 - - [29/Oct/2019:11:01:23 -0400] "GET / HTTP/1.1" 200 8537 www.bluewillowtucson.com "-" "Mozilla/5.0 (Windows NT 10.0; Win64; x64) AppleWebKit/537.36 (KHTML, like Gecko) Chrome/77.0.3865.120 Safari/537.36" "-"
40.70.214.0 - - [29/Oct/2019:11:01:25 -0400] "POST /wp-login.php HTTP/1.1" 200 3792 www.bluewillowtucson.com "http://www.bluewillowtucson.com/wp-login.php" "Mozilla/5.0 (Windows NT 10.0; Win64; x64) AppleWebKit/537.36 (KHTML, like Gecko) Chrome/63.0.3239.132 Safari/537.36" "-"
24.255.119.0 - - [29/Oct/2019:11:01:27 -0400] "GET /wp-content/plugins/contact-form-7/includes/css/styles.css?ver=4.2.2 HTTP/1.1" 200 1103 www.bluewillowtucson.com "http://www.bluewillowtucson.com/" "Mozilla/5.0 (Windows NT 10.0; Win64; x64) AppleWebKit/537.36 (KHTML, like Gecko) Chrome/77.0.3865.120 Safari/537.36" "-"
40.70.214.0 - - [29/Oct/2019:11:02:25 -0400] "POST /wp-login.php HTTP/1.1" 200 3792 www.bluewillowtucson.com "http://www.bluewillowtucson.com/wp-login.php" "Mozilla/5.0 (Windows NT 10.0; Win64; x64) AppleWebKit/537.36 (KHTML, like Gecko) Chrome/63.0.3239.132 Safari/537.36" "-"
24.255.119.0 - - [29/Oct/2019:11:02:41 -0400] "GET /wp-content/themes/blue-willow/style.css HTTP/1.1" 200 14659 www.bluewillowtucson.com "http://www.bluewillowtucson.com/" "Mozilla/5.0 (Windows NT 10.0; Win64; x64) AppleWebKit/537.36 (KHTML, like Gecko) Chrome/77.0.3865.120 Safari/537.36" "-"
24.255.119.0 - - [29/Oct/2019:11:02:51 -0400] "GET /wp-includes/js/jquery/jquery-migrate.min.js?ver=1.2.1 HTTP/1.1" 200 7200 www.bluewillowtucson.com "http://www.bluewillowtucson.com/" "Mozilla/5.0 (Windows NT 10.0; Win64; x64) AppleWebKit/537.36 (KHTML, like Gecko) Chrome/77.0.3865.120 Safari/537.36" "-"
24.255.119.0 - - [29/Oct/2019:11:02:51 -0400] "GET /wp-content/themes/blue-willow/images/willow-tree.png HTTP/1.1" 200 54593 www.bluewillowtucson.com "http://www.bluewillowtucson.com/wp-content/themes/blue-willow/style.css" "Mozilla/5.0 (Windows NT 10.0; Win64; x64) AppleWebKit/537.36 (KHTML, like Gecko) Chrome/77.0.3865.120 Safari/537.36" "-"
24.255.119.0 - - [29/Oct/2019:11:02:52 -0400] "GET /wp-content/themes/blue-willow/images/wrapper-bg.png HTTP/1.1" 200 149 www.bluewillowtucson.com "http://www.bluewillowtucson.com/wp-content/themes/blue-willow/style.css" "Mozilla/5.0 (Windows NT 10.0; Win64; x64) AppleWebKit/537.36 (KHTML, like Gecko) Chrome/77.0.3865.120 Safari/537.36" "-"
24.255.119.0 - - [29/Oct/2019:11:02:52 -0400] "GET /wp-content/themes/blue-willow/images/header-nav-arrow.png HTTP/1.1" 200 259 www.bluewillowtucson.com "http://www.bluewillowtucson.com/wp-content/themes/blue-willow/style.css" "Mozilla/5.0 (Windows NT 10.0; Win64; x64) AppleWebKit/537.36 (KHTML, like Gecko) Chrome/77.0.3865.120 Safari/537.36" "-"
24.255.119.0 - - [29/Oct/2019:11:02:54 -0400] "GET /favicon.ico HTTP/1.1" 200 - www.bluewillowtucson.com "http://www.bluewillowtucson.com/" "Mozilla/5.0 (Windows NT 10.0; Win64; x64) AppleWebKit/537.36 (KHTML, like Gecko) Chrome/77.0.3865.120 Safari/537.36" "-"
131.50.151.0 - - [29/Oct/2019:11:03:20 -0400] "GET / HTTP/1.1" 200 8537 www.bluewillowtucson.com "https://www.google.com/" "Mozilla/5.0 (Windows NT 10.0; Win64; x64) AppleWebKit/537.36 (KHTML, like Gecko) Chrome/77.0.3865.90 Safari/537.36" "-"
131.50.151.0 - - [29/Oct/2019:11:03:24 -0400] "GET / HTTP/1.1" 200 8537 www.bluewillowtucson.com "http://notify.bluecoat.com/notify-SubZero?http/www.bluewillowtucson.com/aHR0cDovL3d3dy5ibHVld2lsbG93dHVjc29uLmNvbS8=;qwXeyt2qBhLOMmMgpoErJe4tl2cCkqgYyltteehUI4M=" "Mozilla/5.0 (Windows NT 10.0; Win64; x64) AppleWebKit/537.36 (KHTML, like Gecko) Chrome/77.0.3865.90 Safari/537.36" "-"
40.70.214.0 - - [29/Oct/2019:11:03:25 -0400] "POST /wp-login.php HTTP/1.1" 200 3792 www.bluewillowtucson.com "http://www.bluewillowtucson.com/wp-login.php" "Mozilla/5.0 (Windows NT 10.0; Win64; x64) AppleWebKit/537.36 (KHTML, like Gecko) Chrome/63.0.3239.132 Safari/537.36" "-"
40.70.214.0 - - [29/Oct/2019:11:04:26 -0400] "POST /wp-login.php HTTP/1.1" 200 3792 www.bluewillowtucson.com "http://www.bluewillowtucson.com/wp-login.php" "Mozilla/5.0 (Windows NT 10.0; Win64; x64) AppleWebKit/537.36 (KHTML, like Gecko) Chrome/63.0.3239.132 Safari/537.36" "-"
66.249.75.0 - - [29/Oct/2019:11:04:32 -0400] "GET /dinner/ HTTP/1.1" 200 13101 www.bluewillowtucson.com "-" "Mozilla/5.0 (Linux; Android 6.0.1; Nexus 5X Build/MMB29P) AppleWebKit/537.36 (KHTML, like Gecko) Chrome/41.0.2272.96 Mobile Safari/537.36 (compatible; Googlebot/2.1; +http://www.google.com/bot.html)" "-"
40.70.214.0 - - [29/Oct/2019:11:05:26 -0400] "POST /wp-login.php HTTP/1.1" 200 3792 www.bluewillowtucson.com "http://www.bluewillowtucson.com/wp-login.php" "Mozilla/5.0 (Windows NT 10.0; Win64; x64) AppleWebKit/537.36 (KHTML, like Gecko) Chrome/63.0.3239.132 Safari/537.36" "-"
40.70.214.0 - - [29/Oct/2019:11:06:26 -0400] "POST /wp-login.php HTTP/1.1" 200 3792 www.bluewillowtucson.com "http://www.bluewillowtucson.com/wp-login.php" "Mozilla/5.0 (Windows NT 10.0; Win64; x64) AppleWebKit/537.36 (KHTML, like Gecko) Chrome/63.0.3239.132 Safari/537.36" "-"
40.70.214.0 - - [29/Oct/2019:11:07:27 -0400] "POST /wp-login.php HTTP/1.1" 200 3792 www.bluewillowtucson.com "http://www.bluewillowtucson.com/wp-login.php" "Mozilla/5.0 (Windows NT 10.0; Win64; x64) AppleWebKit/537.36 (KHTML, like Gecko) Chrome/63.0.3239.132 Safari/537.36" "-"
40.70.214.0 - - [29/Oct/2019:11:08:27 -0400] "POST /wp-login.php HTTP/1.1" 200 3792 www.bluewillowtucson.com "http://www.bluewillowtucson.com/wp-login.php" "Mozilla/5.0 (Windows NT 10.0; Win64; x64) AppleWebKit/537.36 (KHTML, like Gecko) Chrome/63.0.3239.132 Safari/537.36" "-"
172.58.23.0 - - [29/Oct/2019:11:08:47 -0400] "GET /wp-login HTTP/1.1" 200 2785 bluewillowtucson.com "-" "Mozilla/5.0 (X11; Ubuntu; Linux i686; rv:24.0) Gecko/20100101 Firefox/24.0" "-"
172.58.23.0 - - [29/Oct/2019:11:08:47 -0400] "GET / HTTP/1.1" 301 - bluewillowtucson.com "-" "Dalvik/2.1.0 (Linux; U; Android 9; SM-G960U Build/PPR1.180610.011)" "-"
172.58.23.0 - - [29/Oct/2019:11:08:49 -0400] "GET / HTTP/1.1" 200 8537 www.bluewillowtucson.com "-" "Dalvik/2.1.0 (Linux; U; Android 9; SM-G960U Build/PPR1.180610.011)" "-"
172.58.23.0 - - [29/Oct/2019:11:08:49 -0400] "GET / HTTP/1.1" 301 - bluewillowtucson.com "-" "Dalvik/2.1.0 (Linux; U; Android 9; SM-G960U Build/PPR1.180610.011)" "-"
172.58.23.0 - - [29/Oct/2019:11:08:49 -0400] "GET / HTTP/1.1" 200 8537 www.bluewillowtucson.com "-" "Dalvik/2.1.0 (Linux; U; Android 9; SM-G960U Build/PPR1.180610.011)" "-"
40.70.214.0 - - [29/Oct/2019:11:09:27 -0400] "POST /wp-login.php HTTP/1.1" 200 3792 www.bluewillowtucson.com "http://www.bluewillowtucson.com/wp-login.php" "Mozilla/5.0 (Windows NT 10.0; Win64; x64) AppleWebKit/537.36 (KHTML, like Gecko) Chrome/63.0.3239.132 Safari/537.36" "-"
40.70.214.0 - - [29/Oct/2019:11:10:27 -0400] "POST /wp-login.php HTTP/1.1" 200 3792 www.bluewillowtucson.com "http://www.bluewillowtucson.com/wp-login.php" "Mozilla/5.0 (Windows NT 10.0; Win64; x64) AppleWebKit/537.36 (KHTML, like Gecko) Chrome/63.0.3239.132 Safari/537.36" "-"
40.70.214.0 - - [29/Oct/2019:11:11:28 -0400] "POST /wp-login.php HTTP/1.1" 200 3792 www.bluewillowtucson.com "http://www.bluewillowtucson.com/wp-login.php" "Mozilla/5.0 (Windows NT 10.0; Win64; x64) AppleWebKit/537.36 (KHTML, like Gecko) Chrome/63.0.3239.132 Safari/537.36" "-"
185.234.216.0 - - [29/Oct/2019:11:12:16 -0400] "GET / HTTP/1.1" 301 - bluewillowtucson.com "-" "Mozilla/5.0 (Windows NT 6.3; Win64; x64; rv:66.0) Gecko/20100101 Firefox/66.0" "-"
185.234.216.0 - - [29/Oct/2019:11:12:16 -0400] "GET / HTTP/1.1" 200 8537 www.bluewillowtucson.com "-" "Mozilla/5.0 (Windows NT 6.3; Win64; x64; rv:66.0) Gecko/20100101 Firefox/66.0" "-"
185.234.216.0 - - [29/Oct/2019:11:12:17 -0400] "GET /phpmyadmin/print.css HTTP/1.1" 301 - bluewillowtucson.com "-" "Mozilla/5.0 (Windows NT 6.3; Win64; x64; rv:66.0) Gecko/20100101 Firefox/66.0" "-"
185.234.216.0 - - [29/Oct/2019:11:12:17 -0400] "GET /phpmyadmin/print.css HTTP/1.1" 404 8473 www.bluewillowtucson.com "-" "Mozilla/5.0 (Windows NT 6.3; Win64; x64; rv:66.0) Gecko/20100101 Firefox/66.0" "-"
185.234.216.0 - - [29/Oct/2019:11:12:18 -0400] "GET /phpMyAdmin/print.css HTTP/1.1" 301 - bluewillowtucson.com "-" "Mozilla/5.0 (Windows NT 6.3; Win64; x64; rv:66.0) Gecko/20100101 Firefox/66.0" "-"
185.234.216.0 - - [29/Oct/2019:11:12:18 -0400] "GET /phpMyAdmin/print.css HTTP/1.1" 404 8473 www.bluewillowtucson.com "-" "Mozilla/5.0 (Windows NT 6.3; Win64; x64; rv:66.0) Gecko/20100101 Firefox/66.0" "-"
185.234.216.0 - - [29/Oct/2019:11:12:19 -0400] "GET /pma/print.css HTTP/1.1" 301 - bluewillowtucson.com "-" "Mozilla/5.0 (Windows NT 6.3; Win64; x64; rv:66.0) Gecko/20100101 Firefox/66.0" "-"
185.234.216.0 - - [29/Oct/2019:11:12:19 -0400] "GET /pma/print.css HTTP/1.1" 404 8473 www.bluewillowtucson.com "-" "Mozilla/5.0 (Windows NT 6.3; Win64; x64; rv:66.0) Gecko/20100101 Firefox/66.0" "-"
185.234.216.0 - - [29/Oct/2019:11:12:19 -0400] "GET /myadmin/print.css HTTP/1.1" 301 - bluewillowtucson.com "-" "Mozilla/5.0 (Windows NT 6.3; Win64; x64; rv:66.0) Gecko/20100101 Firefox/66.0" "-"
185.234.216.0 - - [29/Oct/2019:11:12:20 -0400] "GET /myadmin/print.css HTTP/1.1" 404 8473 www.bluewillowtucson.com "-" "Mozilla/5.0 (Windows NT 6.3; Win64; x64; rv:66.0) Gecko/20100101 Firefox/66.0" "-"
185.234.216.0 - - [29/Oct/2019:11:12:20 -0400] "GET /mysql/print.css HTTP/1.1" 301 - bluewillowtucson.com "-" "Mozilla/5.0 (Windows NT 6.3; Win64; x64; rv:66.0) Gecko/20100101 Firefox/66.0" "-"
185.234.216.0 - - [29/Oct/2019:11:12:21 -0400] "GET /mysql/print.css HTTP/1.1" 404 8473 www.bluewillowtucson.com "-" "Mozilla/5.0 (Windows NT 6.3; Win64; x64; rv:66.0) Gecko/20100101 Firefox/66.0" "-"
185.234.216.0 - - [29/Oct/2019:11:12:21 -0400] "GET /database/print.css HTTP/1.1" 301 - bluewillowtucson.com "-" "Mozilla/5.0 (Windows NT 6.3; Win64; x64; rv:66.0) Gecko/20100101 Firefox/66.0" "-"
185.234.216.0 - - [29/Oct/2019:11:12:21 -0400] "GET /database/print.css HTTP/1.1" 404 8473 www.bluewillowtucson.com "-" "Mozilla/5.0 (Windows NT 6.3; Win64; x64; rv:66.0) Gecko/20100101 Firefox/66.0" "-"
185.234.216.0 - - [29/Oct/2019:11:12:22 -0400] "GET /mysql/print.css HTTP/1.1" 301 - bluewillowtucson.com "-" "Mozilla/5.0 (Windows NT 6.3; Win64; x64; rv:66.0) Gecko/20100101 Firefox/66.0" "-"
185.234.216.0 - - [29/Oct/2019:11:12:22 -0400] "GET /mysql/print.css HTTP/1.1" 404 8473 www.bluewillowtucson.com "-" "Mozilla/5.0 (Windows NT 6.3; Win64; x64; rv:66.0) Gecko/20100101 Firefox/66.0" "-"
40.70.214.0 - - [29/Oct/2019:11:12:28 -0400] "POST /wp-login.php HTTP/1.1" 200 3792 www.bluewillowtucson.com "http://www.bluewillowtucson.com/wp-login.php" "Mozilla/5.0 (Windows NT 10.0; Win64; x64) AppleWebKit/537.36 (KHTML, like Gecko) Chrome/63.0.3239.132 Safari/537.36" "-"
24.255.119.0 - - [29/Oct/2019:11:12:53 -0400] "GET /wp-login/ HTTP/1.1" 200 2785 bluewillowtucson.com "-" "Mozilla/5.0 (Windows NT 10.0; Win64; x64) AppleWebKit/537.36 (KHTML, like Gecko) Chrome/77.0.3865.120 Safari/537.36" "-"
40.70.214.0 - - [29/Oct/2019:11:13:28 -0400] "POST /wp-login.php HTTP/1.1" 200 3792 www.bluewillowtucson.com "http://www.bluewillowtucson.com/wp-login.php" "Mozilla/5.0 (Windows NT 10.0; Win64; x64) AppleWebKit/537.36 (KHTML, like Gecko) Chrome/63.0.3239.132 Safari/537.36" "-"
24.255.119.0 - - [29/Oct/2019:11:13:41 -0400] "GET /wp-includes/css/buttons.min.css?ver=4.3.21 HTTP/1.1" 200 6048 www.bluewillowtucson.com "http://bluewillowtucson.com/wp-login/" "Mozilla/5.0 (Windows NT 10.0; Win64; x64) AppleWebKit/537.36 (KHTML, like Gecko) Chrome/77.0.3865.120 Safari/537.36" "-"
24.255.119.0 - - [29/Oct/2019:11:13:41 -0400] "GET /wp-includes/css/dashicons.min.css?ver=4.3.21 HTTP/1.1" 200 46120 www.bluewillowtucson.com "http://bluewillowtucson.com/wp-login/" "Mozilla/5.0 (Windows NT 10.0; Win64; x64) AppleWebKit/537.36 (KHTML, like Gecko) Chrome/77.0.3865.120 Safari/537.36" "-"
24.255.119.0 - - [29/Oct/2019:11:13:41 -0400] "GET /wp-admin/css/login.min.css?ver=4.3.21 HTTP/1.1" 200 24200 www.bluewillowtucson.com "http://bluewillowtucson.com/wp-login/" "Mozilla/5.0 (Windows NT 10.0; Win64; x64) AppleWebKit/537.36 (KHTML, like Gecko) Chrome/77.0.3865.120 Safari/537.36" "-"
24.255.119.0 - - [29/Oct/2019:11:13:42 -0400] "GET /wp-admin/images/wordpress-logo.svg?ver=20131107 HTTP/1.1" 200 1521 www.bluewillowtucson.com "http://www.bluewillowtucson.com/wp-admin/css/login.min.css?ver=4.3.21" "Mozilla/5.0 (Windows NT 10.0; Win64; x64) AppleWebKit/537.36 (KHTML, like Gecko) Chrome/77.0.3865.120 Safari/537.36" "-"
24.255.119.0 - - [29/Oct/2019:11:13:42 -0400] "GET /favicon.ico HTTP/1.1" 200 - bluewillowtucson.com "http://bluewillowtucson.com/wp-login/" "Mozilla/5.0 (Windows NT 10.0; Win64; x64) AppleWebKit/537.36 (KHTML, like Gecko) Chrome/77.0.3865.120 Safari/537.36" "-"
24.255.119.0 - - [29/Oct/2019:11:14:21 -0400] "POST /wp-login.php HTTP/1.1" 200 3053 www.bluewillowtucson.com "http://bluewillowtucson.com/" "Mozilla/5.0 (Windows NT 10.0; Win64; x64) AppleWebKit/537.36 (KHTML, like Gecko) Chrome/77.0.3865.120 Safari/537.36" "-"
24.255.119.0 - - [29/Oct/2019:11:14:22 -0400] "GET /favicon.ico HTTP/1.1" 200 - www.bluewillowtucson.com "http://www.bluewillowtucson.com/wp-login.php" "Mozilla/5.0 (Windows NT 10.0; Win64; x64) AppleWebKit/537.36 (KHTML, like Gecko) Chrome/77.0.3865.120 Safari/537.36" "-"
40.70.214.0 - - [29/Oct/2019:11:14:28 -0400] "POST /wp-login.php HTTP/1.1" 200 3792 www.bluewillowtucson.com "http://www.bluewillowtucson.com/wp-login.php" "Mozilla/5.0 (Windows NT 10.0; Win64; x64) AppleWebKit/537.36 (KHTML, like Gecko) Chrome/63.0.3239.132 Safari/537.36" "-"
70.184.72.0 - - [29/Oct/2019:11:14:52 -0400] "GET / HTTP/1.1" 200 62 www.bluewillowtucson.com "-" "Mozilla/5.0 (iPhone; CPU iPhone OS 13_0 like Mac OS X) AppleWebKit/605.1.15 (KHTML, like Gecko) Version/13.0 Mobile/15E148 Safari/604.1" "-"
24.255.119.0 - - [29/Oct/2019:11:14:55 -0400] "GET /favicon.ico HTTP/1.1" 200 - www.bluewillowtucson.com "http://www.bluewillowtucson.com/wp-login.php" "Mozilla/5.0 (Windows NT 10.0; Win64; x64) AppleWebKit/537.36 (KHTML, like Gecko) Chrome/77.0.3865.120 Safari/537.36" "-"
24.255.119.0 - - [29/Oct/2019:11:15:19 -0400] "POST /wp-login.php HTTP/1.1" 302 - www.bluewillowtucson.com "http://www.bluewillowtucson.com/wp-login.php" "Mozilla/5.0 (Windows NT 10.0; Win64; x64) AppleWebKit/537.36 (KHTML, like Gecko) Chrome/77.0.3865.120 Safari/537.36" "-"
40.70.214.0 - - [29/Oct/2019:11:15:29 -0400] "POST /wp-login.php HTTP/1.1" 200 3792 www.bluewillowtucson.com "http://www.bluewillowtucson.com/wp-login.php" "Mozilla/5.0 (Windows NT 10.0; Win64; x64) AppleWebKit/537.36 (KHTML, like Gecko) Chrome/63.0.3239.132 Safari/537.36" "-"
24.255.119.0 - - [29/Oct/2019:11:15:32 -0400] "GET /wp-admin/ HTTP/1.1" 200 26804 www.bluewillowtucson.com "http://www.bluewillowtucson.com/wp-login.php" "Mozilla/5.0 (Windows NT 10.0; Win64; x64) AppleWebKit/537.36 (KHTML, like Gecko) Chrome/77.0.3865.120 Safari/537.36" "-"
24.255.119.0 - - [29/Oct/2019:11:15:33 -0400] "GET /wp-admin/load-styles.php?c=1&dir=ltr&load=dashicons,admin-bar,wp-admin,buttons,wp-auth-check&ver=4.3.21 HTTP/1.1" 200 87908 www.bluewillowtucson.com "http://www.bluewillowtucson.com/wp-admin/" "Mozilla/5.0 (Windows NT 10.0; Win64; x64) AppleWebKit/537.36 (KHTML, like Gecko) Chrome/77.0.3865.120 Safari/537.36" "-"
24.255.119.0 - - [29/Oct/2019:11:15:33 -0400] "GET /wp-includes/js/thickbox/thickbox.css?ver=4.3.21 HTTP/1.1" 200 2148 www.bluewillowtucson.com "http://www.bluewillowtucson.com/wp-admin/" "Mozilla/5.0 (Windows NT 10.0; Win64; x64) AppleWebKit/537.36 (KHTML, like Gecko) Chrome/77.0.3865.120 Safari/537.36" "-"
24.255.119.0 - - [29/Oct/2019:11:15:33 -0400] "GET /wp-admin/load-scripts.php?c=1&load%5B%5D=jquery-core,jquery-migrate,utils&ver=4.3.21 HTTP/1.1" 200 40136 www.bluewillowtucson.com "http://www.bluewillowtucson.com/wp-admin/" "Mozilla/5.0 (Windows NT 10.0; Win64; x64) AppleWebKit/537.36 (KHTML, like Gecko) Chrome/77.0.3865.120 Safari/537.36" "-"
24.255.119.0 - - [29/Oct/2019:11:15:38 -0400] "GET /wp-admin/load-scripts.php?c=1&load%5B%5D=hoverIntent,common,admin-bar,wp-ajax-response,jquery-color,wp-lists,quicktags,jquery-query,admin-comments,jquery-ui-core,jquery-&load%5B%5D=ui-widget,jquery-ui-mouse,jquery-ui-sortable,postbox,dashboard,thickbox,underscore,shortcode,media-upload,svg-painter,heartbeat,&load%5B%5D=wp-auth-check&ver=4.3.21 HTTP/1.1" 200 52575 www.bluewillowtucson.com "http://www.bluewillowtucson.com/wp-admin/" "Mozilla/5.0 (Windows NT 10.0; Win64; x64) AppleWebKit/537.36 (KHTML, like Gecko) Chrome/77.0.3865.120 Safari/537.36" "-"
24.255.119.0 - - [29/Oct/2019:11:15:42 -0400] "GET /wp-includes/js/wp-emoji-release.min.js?ver=4.3.21 HTTP/1.1" 200 15930 www.bluewillowtucson.com "http://www.bluewillowtucson.com/wp-admin/" "Mozilla/5.0 (Windows NT 10.0; Win64; x64) AppleWebKit/537.36 (KHTML, like Gecko) Chrome/77.0.3865.120 Safari/537.36" "-"
24.255.119.0 - - [29/Oct/2019:11:15:43 -0400] "GET /wp-includes/js/thickbox/loadingAnimation.gif HTTP/1.1" 200 15238 www.bluewillowtucson.com "http://www.bluewillowtucson.com/wp-admin/" "Mozilla/5.0 (Windows NT 10.0; Win64; x64) AppleWebKit/537.36 (KHTML, like Gecko) Chrome/77.0.3865.120 Safari/537.36" "-"
24.255.119.0 - - [29/Oct/2019:11:15:44 -0400] "GET /favicon.ico HTTP/1.1" 200 - www.bluewillowtucson.com "http://www.bluewillowtucson.com/wp-admin/" "Mozilla/5.0 (Windows NT 10.0; Win64; x64) AppleWebKit/537.36 (KHTML, like Gecko) Chrome/77.0.3865.120 Safari/537.36" "-"
24.255.119.0 - - [29/Oct/2019:11:15:45 -0400] "GET /favicon.ico HTTP/1.1" 200 - www.bluewillowtucson.com "http://www.bluewillowtucson.com/wp-admin/" "Mozilla/5.0 (Windows NT 10.0; Win64; x64) AppleWebKit/537.36 (KHTML, like Gecko) Chrome/77.0.3865.120 Safari/537.36" "-"
24.255.119.0 - - [29/Oct/2019:11:16:21 -0400] "GET / HTTP/1.1" 200 14496 www.bluewillowtucson.com "-" "Mozilla/5.0 (Windows NT 10.0; Win64; x64) AppleWebKit/537.36 (KHTML, like Gecko) Chrome/77.0.3865.120 Safari/537.36" "-"
24.255.119.0 - - [29/Oct/2019:11:16:22 -0400] "GET /wp-includes/css/admin-bar.min.css?ver=4.3.21 HTTP/1.1" 200 19854 www.bluewillowtucson.com "http://www.bluewillowtucson.com/" "Mozilla/5.0 (Windows NT 10.0; Win64; x64) AppleWebKit/537.36 (KHTML, like Gecko) Chrome/77.0.3865.120 Safari/537.36" "-"
40.70.214.0 - - [29/Oct/2019:11:16:29 -0400] "POST /wp-login.php HTTP/1.1" 200 3792 www.bluewillowtucson.com "http://www.bluewillowtucson.com/wp-login.php" "Mozilla/5.0 (Windows NT 10.0; Win64; x64) AppleWebKit/537.36 (KHTML, like Gecko) Chrome/63.0.3239.132 Safari/537.36" "-"
24.255.119.0 - - [29/Oct/2019:11:16:30 -0400] "GET /wp-includes/js/jquery/jquery.js?ver=1.11.3 HTTP/1.1" 200 95977 www.bluewillowtucson.com "http://www.bluewillowtucson.com/" "Mozilla/5.0 (Windows NT 10.0; Win64; x64) AppleWebKit/537.36 (KHTML, like Gecko) Chrome/77.0.3865.120 Safari/537.36" "-"
24.255.119.0 - - [29/Oct/2019:11:16:31 -0400] "GET /wp-content/themes/blue-willow/js/jquery.easing.1.1.1.js HTTP/1.1" 200 3401 www.bluewillowtucson.com "http://www.bluewillowtucson.com/" "Mozilla/5.0 (Windows NT 10.0; Win64; x64) AppleWebKit/537.36 (KHTML, like Gecko) Chrome/77.0.3865.120 Safari/537.36" "-"
24.255.119.0 - - [29/Oct/2019:11:16:31 -0400] "GET /wp-content/themes/blue-willow/js/cycle_config.js HTTP/1.1" 200 552 www.bluewillowtucson.com "http://www.bluewillowtucson.com/" "Mozilla/5.0 (Windows NT 10.0; Win64; x64) AppleWebKit/537.36 (KHTML, like Gecko) Chrome/77.0.3865.120 Safari/537.36" "-"
40.70.214.0 - - [29/Oct/2019:11:17:29 -0400] "POST /wp-login.php HTTP/1.1" 200 3792 www.bluewillowtucson.com "http://www.bluewillowtucson.com/wp-login.php" "Mozilla/5.0 (Windows NT 10.0; Win64; x64) AppleWebKit/537.36 (KHTML, like Gecko) Chrome/63.0.3239.132 Safari/537.36" "-"
40.70.214.0 - - [29/Oct/2019:11:18:29 -0400] "POST /wp-login.php HTTP/1.1" 200 3792 www.bluewillowtucson.com "http://www.bluewillowtucson.com/wp-login.php" "Mozilla/5.0 (Windows NT 10.0; Win64; x64) AppleWebKit/537.36 (KHTML, like Gecko) Chrome/63.0.3239.132 Safari/537.36" "-"
40.70.214.0 - - [29/Oct/2019:11:19:30 -0400] "POST /wp-login.php HTTP/1.1" 200 3792 www.bluewillowtucson.com "http://www.bluewillowtucson.com/wp-login.php" "Mozilla/5.0 (Windows NT 10.0; Win64; x64) AppleWebKit/537.36 (KHTML, like Gecko) Chrome/63.0.3239.132 Safari/537.36" "-"
49.149.65.0 - - [29/Oct/2019:11:19:40 -0400] "GET /xmlrpc.php HTTP/1.1" 503 299 www.bluewillowtucson.com "-" "Mozilla/5.0 (X11; Linux i686; rv:2.0.1) Gecko/20100101 Firefox/4.0.1" "-"
40.70.214.0 - - [29/Oct/2019:11:20:30 -0400] "POST /wp-login.php HTTP/1.1" 200 3792 www.bluewillowtucson.com "http://www.bluewillowtucson.com/wp-login.php" "Mozilla/5.0 (Windows NT 10.0; Win64; x64) AppleWebKit/537.36 (KHTML, like Gecko) Chrome/63.0.3239.132 Safari/537.36" "-"
40.70.214.0 - - [29/Oct/2019:11:21:30 -0400] "POST /wp-login.php HTTP/1.1" 200 3792 www.bluewillowtucson.com "http://www.bluewillowtucson.com/wp-login.php" "Mozilla/5.0 (Windows NT 10.0; Win64; x64) AppleWebKit/537.36 (KHTML, like Gecko) Chrome/63.0.3239.132 Safari/537.36" "-"
172.58.43.0 - - [29/Oct/2019:11:21:44 -0400] "POST /wp-admin/admin-ajax.php HTTP/1.1" 200 47 www.bluewillowtucson.com "http://www.bluewillowtucson.com/wp-admin/" "Mozilla/5.0 (Windows NT 10.0; Win64; x64) AppleWebKit/537.36 (KHTML, like Gecko) Chrome/77.0.3865.120 Safari/537.36" "-"
40.70.214.0 - - [29/Oct/2019:11:22:31 -0400] "POST /wp-login.php HTTP/1.1" 200 3792 www.bluewillowtucson.com "http://www.bluewillowtucson.com/wp-login.php" "Mozilla/5.0 (Windows NT 10.0; Win64; x64) AppleWebKit/537.36 (KHTML, like Gecko) Chrome/63.0.3239.132 Safari/537.36" "-"
184.154.139.0 - - [29/Oct/2019:11:22:55 -0400] "GET / HTTP/1.1" 200 8537 www.bluewillowtucson.com "http://www.google.com/url?url=www.bluewillowtucson.com&yahoo.com" "Mozilla/5.0 (compatible; MSIE 9.0; Windows NT 6.1; WOW64; Trident/6.0)" "-"
184.154.139.0 - - [29/Oct/2019:11:22:56 -0400] "GET /th1s_1s_a_4o4.html HTTP/1.1" 404 8473 www.bluewillowtucson.com "http://www.google.com/url?url=www.bluewillowtucson.com&yahoo.com" "Mozilla/5.0 (compatible; MSIE 9.0; Windows NT 6.1; WOW64; Trident/6.0)" "-"
184.154.139.0 - - [29/Oct/2019:11:22:57 -0400] "GET /about/contact-us HTTP/1.1" 301 - www.bluewillowtucson.com "http://www.google.com/url?url=www.bluewillowtucson.com&yahoo.com" "Mozilla/5.0 (compatible; MSIE 9.0; Windows NT 6.1; WOW64; Trident/6.0)" "-"
184.154.139.0 - - [29/Oct/2019:11:22:57 -0400] "GET /about/contact-us/ HTTP/1.1" 200 9720 www.bluewillowtucson.com "http://www.google.com/url?url=www.bluewillowtucson.com&yahoo.com" "Mozilla/5.0 (compatible; MSIE 9.0; Windows NT 6.1; WOW64; Trident/6.0)" "-"
184.154.139.0 - - [29/Oct/2019:11:22:57 -0400] "GET /wp-content/plugins/contact-form-7/includes/js/jquery.form.min.js?ver=3.51.0-2014.06.20 HTTP/1.1" 200 15248 www.bluewillowtucson.com "http://www.google.com/url?url=www.bluewillowtucson.com&yahoo.com" "Mozilla/5.0 (compatible; MSIE 9.0; Windows NT 6.1; WOW64; Trident/6.0)" "-"
184.154.139.0 - - [29/Oct/2019:11:22:58 -0400] "GET /food HTTP/1.1" 301 - www.bluewillowtucson.com "-" "SiteLockSpider [en] (WinNT; I ;Nav)" "-"
184.154.139.0 - - [29/Oct/2019:11:22:58 -0400] "GET /food/ HTTP/1.1" 200 7986 www.bluewillowtucson.com "http://www.google.com/url?url=www.bluewillowtucson.com&yahoo.com" "Mozilla/5.0 (compatible; MSIE 9.0; Windows NT 6.1; WOW64; Trident/6.0)" "-"
184.154.139.0 - - [29/Oct/2019:11:22:58 -0400] "GET /wp-content/plugins/contact-form-7/includes/js/scripts.js?ver=4.2.2 HTTP/1.1" 200 11200 www.bluewillowtucson.com "-" "SiteLockSpider [en] (WinNT; I ;Nav)" "-"
184.154.139.0 - - [29/Oct/2019:11:22:59 -0400] "GET /about HTTP/1.1" 301 - www.bluewillowtucson.com "-" "SiteLockSpider [en] (WinNT; I ;Nav)" "-"
184.154.139.0 - - [29/Oct/2019:11:22:59 -0400] "GET /about/ HTTP/1.1" 200 8149 www.bluewillowtucson.com "-" "SiteLockSpider [en] (WinNT; I ;Nav)" "-"
184.154.139.0 - - [29/Oct/2019:11:22:59 -0400] "GET /wp-includes/wlwmanifest.xml HTTP/1.1" 200 1045 www.bluewillowtucson.com "http://www.google.com/url?url=www.bluewillowtucson.com&yahoo.com" "Mozilla/5.0 (compatible; MSIE 9.0; Windows NT 6.1; WOW64; Trident/6.0)" "-"
184.154.139.0 - - [29/Oct/2019:11:22:59 -0400] "GET /wp-content/themes/blue-willow/style.css HTTP/1.1" 200 14659 www.bluewillowtucson.com "http://www.google.com/url?url=www.bluewillowtucson.com&yahoo.com" "Mozilla/5.0 (compatible; MSIE 9.0; Windows NT 6.1; WOW64; Trident/6.0)" "-"
184.154.139.0 - - [29/Oct/2019:11:23:00 -0400] "GET /dinner/ HTTP/1.1" 200 13101 www.bluewillowtucson.com "http://www.google.com/url?url=www.bluewillowtucson.com&yahoo.com" "Mozilla/5.0 (compatible; MSIE 9.0; Windows NT 6.1; WOW64; Trident/6.0)" "-"
184.154.139.0 - - [29/Oct/2019:11:23:00 -0400] "GET /comments/feed/ HTTP/1.1" 403 2987 www.bluewillowtucson.com "http://www.google.com/url?url=www.bluewillowtucson.com&yahoo.com" "Mozilla/5.0 (compatible; MSIE 9.0; Windows NT 6.1; WOW64; Trident/6.0)" "-"
184.154.139.0 - - [29/Oct/2019:11:23:00 -0400] "GET /lunch/ HTTP/1.1" 200 14342 www.bluewillowtucson.com "http://www.google.com/url?url=www.bluewillowtucson.com&yahoo.com" "Mozilla/5.0 (compatible; MSIE 9.0; Windows NT 6.1; WOW64; Trident/6.0)" "-"
184.154.139.0 - - [29/Oct/2019:11:23:01 -0400] "GET /specials/ HTTP/1.1" 200 8604 www.bluewillowtucson.com "http://www.google.com/url?url=www.bluewillowtucson.com&yahoo.com" "Mozilla/5.0 (compatible; MSIE 9.0; Windows NT 6.1; WOW64; Trident/6.0)" "-"
184.154.139.0 - - [29/Oct/2019:11:23:01 -0400] "GET /?p=39 HTTP/1.1" 301 - www.bluewillowtucson.com "-" "SiteLockSpider [en] (WinNT; I ;Nav)" "-"
184.154.139.0 - - [29/Oct/2019:11:23:01 -0400] "GET /?p=2 HTTP/1.1" 301 - www.bluewillowtucson.com "-" "SiteLockSpider [en] (WinNT; I ;Nav)" "-"
184.154.139.0 - - [29/Oct/2019:11:23:01 -0400] "GET /wp-content/themes/blue-willow/js/jquery.easing.1.1.1.js HTTP/1.1" 200 3401 www.bluewillowtucson.com "http://www.google.com/url?url=www.bluewillowtucson.com&yahoo.com" "Mozilla/5.0 (compatible; MSIE 9.0; Windows NT 6.1; WOW64; Trident/6.0)" "-"
184.154.139.0 - - [29/Oct/2019:11:23:02 -0400] "GET /?p=262 HTTP/1.1" 301 - www.bluewillowtucson.com "-" "SiteLockSpider [en] (WinNT; I ;Nav)" "-"
184.154.139.0 - - [29/Oct/2019:11:23:02 -0400] "GET /about/location/ HTTP/1.1" 200 8076 www.bluewillowtucson.com "http://www.google.com/url?url=www.bluewillowtucson.com&yahoo.com" "Mozilla/5.0 (compatible; MSIE 9.0; Windows NT 6.1; WOW64; Trident/6.0)" "-"
184.154.139.0 - - [29/Oct/2019:11:23:02 -0400] "GET /?p=168 HTTP/1.1" 301 - www.bluewillowtucson.com "-" "SiteLockSpider [en] (WinNT; I ;Nav)" "-"
184.154.139.0 - - [29/Oct/2019:11:23:02 -0400] "GET /about/reservations/ HTTP/1.1" 200 8124 www.bluewillowtucson.com "http://www.google.com/url?url=www.bluewillowtucson.com&yahoo.com" "Mozilla/5.0 (compatible; MSIE 9.0; Windows NT 6.1; WOW64; Trident/6.0)" "-"
184.154.139.0 - - [29/Oct/2019:11:23:03 -0400] "GET /wp-includes/js/jquery/jquery.js?ver=1.11.3 HTTP/1.1" 200 95977 www.bluewillowtucson.com "http://www.google.com/url?url=www.bluewillowtucson.com&yahoo.com" "Mozilla/5.0 (compatible; MSIE 9.0; Windows NT 6.1; WOW64; Trident/6.0)" "-"
184.154.139.0 - - [29/Oct/2019:11:23:03 -0400] "GET /?p=7 HTTP/1.1" 301 - www.bluewillowtucson.com "-" "SiteLockSpider [en] (WinNT; I ;Nav)" "-"
184.154.139.0 - - [29/Oct/2019:11:23:03 -0400] "GET /a HTTP/1.1" 301 - www.bluewillowtucson.com "-" "SiteLockSpider [en] (WinNT; I ;Nav)" "-"
184.154.139.0 - - [29/Oct/2019:11:23:03 -0400] "GET /wp-includes/js/jquery/jquery-migrate.min.js?ver=1.2.1 HTTP/1.1" 200 7200 www.bluewillowtucson.com "-" "SiteLockSpider [en] (WinNT; I ;Nav)" "-"
184.154.139.0 - - [29/Oct/2019:11:23:04 -0400] "GET /breakfast/ HTTP/1.1" 200 12443 www.bluewillowtucson.com "http://www.google.com/url?url=www.bluewillowtucson.com&yahoo.com" "Mozilla/5.0 (compatible; MSIE 9.0; Windows NT 6.1; WOW64; Trident/6.0)" "-"
184.154.139.0 - - [29/Oct/2019:11:23:04 -0400] "GET /beer-wine/ HTTP/1.1" 200 9869 www.bluewillowtucson.com "http://www.google.com/url?url=www.bluewillowtucson.com&yahoo.com" "Mozilla/5.0 (compatible; MSIE 9.0; Windows NT 6.1; WOW64; Trident/6.0)" "-"
184.154.139.0 - - [29/Oct/2019:11:23:05 -0400] "GET /food/special-diets/ HTTP/1.1" 200 9917 www.bluewillowtucson.com "http://www.google.com/url?url=www.bluewillowtucson.com&yahoo.com" "Mozilla/5.0 (compatible; MSIE 9.0; Windows NT 6.1; WOW64; Trident/6.0)" "-"
40.70.214.0 - - [29/Oct/2019:11:23:31 -0400] "POST /wp-login.php HTTP/1.1" 200 3792 www.bluewillowtucson.com "http://www.bluewillowtucson.com/wp-login.php" "Mozilla/5.0 (Windows NT 10.0; Win64; x64) AppleWebKit/537.36 (KHTML, like Gecko) Chrome/63.0.3239.132 Safari/537.36" "-"
174.238.141.0 - - [29/Oct/2019:11:23:35 -0400] "GET /food/lunch/ HTTP/1.1" 301 - www.bluewillowtucson.com "-" "Mozilla/5.0 (iPhone; CPU iPhone OS 12_3_1 like Mac OS X) AppleWebKit/605.1.15 (KHTML, like Gecko) Version/12.1.1 Mobile/15E148 Safari/604.1" "-"
174.238.141.0 - - [29/Oct/2019:11:23:35 -0400] "GET /lunch/ HTTP/1.1" 200 14342 www.bluewillowtucson.com "-" "Mozilla/5.0 (iPhone; CPU iPhone OS 12_3_1 like Mac OS X) AppleWebKit/605.1.15 (KHTML, like Gecko) Version/12.1.1 Mobile/15E148 Safari/604.1" "-"
174.238.141.0 - - [29/Oct/2019:11:23:36 -0400] "GET /apple-touch-icon-120x120-precomposed.png HTTP/1.1" 404 8473 www.bluewillowtucson.com "-" "MobileSafari/604.1 CFNetwork/978.0.7 Darwin/18.6.0" "-"
174.238.141.0 - - [29/Oct/2019:11:23:36 -0400] "GET /apple-touch-icon-120x120.png HTTP/1.1" 404 8473 www.bluewillowtucson.com "-" "MobileSafari/604.1 CFNetwork/978.0.7 Darwin/18.6.0" "-"
174.238.141.0 - - [29/Oct/2019:11:23:36 -0400] "GET /apple-touch-icon-precomposed.png HTTP/1.1" 404 8473 www.bluewillowtucson.com "-" "MobileSafari/604.1 CFNetwork/978.0.7 Darwin/18.6.0" "-"
174.238.141.0 - - [29/Oct/2019:11:23:37 -0400] "GET /apple-touch-icon.png HTTP/1.1" 404 8473 www.bluewillowtucson.com "-" "MobileSafari/604.1 CFNetwork/978.0.7 Darwin/18.6.0" "-"
174.238.141.0 - - [29/Oct/2019:11:23:37 -0400] "GET /favicon.ico HTTP/1.1" 200 - www.bluewillowtucson.com "-" "MobileSafari/604.1 CFNetwork/978.0.7 Darwin/18.6.0" "-"
174.238.141.0 - - [29/Oct/2019:11:23:37 -0400] "GET /apple-touch-icon-120x120-precomposed.png HTTP/1.1" 404 8473 www.bluewillowtucson.com "-" "MobileSafari/604.1 CFNetwork/978.0.7 Darwin/18.6.0" "-"
174.238.141.0 - - [29/Oct/2019:11:23:37 -0400] "GET /apple-touch-icon-120x120.png HTTP/1.1" 404 8473 www.bluewillowtucson.com "-" "MobileSafari/604.1 CFNetwork/978.0.7 Darwin/18.6.0" "-"
174.238.141.0 - - [29/Oct/2019:11:23:38 -0400] "GET /apple-touch-icon-precomposed.png HTTP/1.1" 404 8473 www.bluewillowtucson.com "-" "MobileSafari/604.1 CFNetwork/978.0.7 Darwin/18.6.0" "-"
174.238.141.0 - - [29/Oct/2019:11:23:38 -0400] "GET /apple-touch-icon.png HTTP/1.1" 404 8473 www.bluewillowtucson.com "-" "MobileSafari/604.1 CFNetwork/978.0.7 Darwin/18.6.0" "-"
174.238.141.0 - - [29/Oct/2019:11:23:38 -0400] "GET /favicon.ico HTTP/1.1" 200 - www.bluewillowtucson.com "-" "MobileSafari/604.1 CFNetwork/978.0.7 Darwin/18.6.0" "-"
172.58.43.0 - - [29/Oct/2019:11:23:44 -0400] "POST /wp-admin/admin-ajax.php HTTP/1.1" 200 47 www.bluewillowtucson.com "http://www.bluewillowtucson.com/wp-admin/" "Mozilla/5.0 (Windows NT 10.0; Win64; x64) AppleWebKit/537.36 (KHTML, like Gecko) Chrome/77.0.3865.120 Safari/537.36" "-"
40.70.214.0 - - [29/Oct/2019:11:24:31 -0400] "POST /wp-login.php HTTP/1.1" 200 3792 www.bluewillowtucson.com "http://www.bluewillowtucson.com/wp-login.php" "Mozilla/5.0 (Windows NT 10.0; Win64; x64) AppleWebKit/537.36 (KHTML, like Gecko) Chrome/63.0.3239.132 Safari/537.36" "-"
174.46.244.0 - - [29/Oct/2019:11:25:19 -0400] "GET / HTTP/1.1" 200 8537 www.bluewillowtucson.com "-" "Mozilla/5.0 (Macintosh; Intel Mac OS X 10_15) AppleWebKit/605.1.15 (KHTML, like Gecko) Version/13.0.1 Safari/605.1.15" "-"
151.80.54.0 - - [29/Oct/2019:11:25:25 -0400] "GET /wp-content/plugins/wordpress-database-reset/assets/css/bsmselect.css HTTP/1.1" 301 - bluewillowtucson.com "bluewillowtucson.com" "Mozilla/5.1 (Windows NT 6.0; WOW64) AppleWebKit/537.37 (KHTML, like Gecko) Chrome/58.0.1145.75 Safari/537.37" "-"
151.80.54.0 - - [29/Oct/2019:11:25:25 -0400] "GET /wp-content/plugins/wordpress-database-reset/assets/css/bsmselect.css HTTP/1.1" 404 8473 www.bluewillowtucson.com "bluewillowtucson.com" "Mozilla/5.1 (Windows NT 6.0; WOW64) AppleWebKit/537.37 (KHTML, like Gecko) Chrome/58.0.1145.75 Safari/537.37" "-"
40.70.214.0 - - [29/Oct/2019:11:25:31 -0400] "POST /wp-login.php HTTP/1.1" 200 3792 www.bluewillowtucson.com "http://www.bluewillowtucson.com/wp-login.php" "Mozilla/5.0 (Windows NT 10.0; Win64; x64) AppleWebKit/537.36 (KHTML, like Gecko) Chrome/63.0.3239.132 Safari/537.36" "-"
172.58.43.0 - - [29/Oct/2019:11:25:45 -0400] "POST /wp-admin/admin-ajax.php HTTP/1.1" 200 47 www.bluewillowtucson.com "http://www.bluewillowtucson.com/wp-admin/" "Mozilla/5.0 (Windows NT 10.0; Win64; x64) AppleWebKit/537.36 (KHTML, like Gecko) Chrome/77.0.3865.120 Safari/537.36" "-"
68.3.143.0 - - [29/Oct/2019:11:25:47 -0400] "GET / HTTP/1.1" 200 8537 www.bluewillowtucson.com "-" "Mozilla/5.0 (iPhone; CPU iPhone OS 12_3_1 like Mac OS X) AppleWebKit/605.1.15 (KHTML, like Gecko) Version/12.1.1 Mobile/15E148 Safari/604.1" "-"
68.3.143.0 - - [29/Oct/2019:11:25:47 -0400] "GET /wp-content/plugins/contact-form-7/includes/css/styles.css?ver=4.2.2 HTTP/1.1" 200 1103 www.bluewillowtucson.com "http://www.bluewillowtucson.com/" "Mozilla/5.0 (iPhone; CPU iPhone OS 12_3_1 like Mac OS X) AppleWebKit/605.1.15 (KHTML, like Gecko) Version/12.1.1 Mobile/15E148 Safari/604.1" "-"
172.58.21.0 - - [29/Oct/2019:11:26:28 -0400] "GET / HTTP/1.1" 200 8537 www.bluewillowtucson.com "https://www.google.com/" "Mozilla/5.0 (iPhone; CPU iPhone OS 12_4_2 like Mac OS X) AppleWebKit/605.1.15 (KHTML, like Gecko) Version/12.1.2 Mobile/15E148 Safari/604.1" "-"
172.58.21.0 - - [29/Oct/2019:11:26:29 -0400] "GET /wp-content/plugins/contact-form-7/includes/css/styles.css?ver=4.2.2 HTTP/1.1" 200 1103 www.bluewillowtucson.com "http://www.bluewillowtucson.com/" "Mozilla/5.0 (iPhone; CPU iPhone OS 12_4_2 like Mac OS X) AppleWebKit/605.1.15 (KHTML, like Gecko) Version/12.1.2 Mobile/15E148 Safari/604.1" "-"
172.58.21.0 - - [29/Oct/2019:11:26:29 -0400] "GET /wp-content/themes/blue-willow/js/jquery.cycle.all.js HTTP/1.1" 200 43973 www.bluewillowtucson.com "http://www.bluewillowtucson.com/" "Mozilla/5.0 (iPhone; CPU iPhone OS 12_4_2 like Mac OS X) AppleWebKit/605.1.15 (KHTML, like Gecko) Version/12.1.2 Mobile/15E148 Safari/604.1" "-"
172.58.21.0 - - [29/Oct/2019:11:26:29 -0400] "GET /wp-includes/js/jquery/jquery.js?ver=1.11.3 HTTP/1.1" 200 95977 www.bluewillowtucson.com "http://www.bluewillowtucson.com/" "Mozilla/5.0 (iPhone; CPU iPhone OS 12_4_2 like Mac OS X) AppleWebKit/605.1.15 (KHTML, like Gecko) Version/12.1.2 Mobile/15E148 Safari/604.1" "-"
172.58.21.0 - - [29/Oct/2019:11:26:29 -0400] "GET /wp-content/themes/blue-willow/style.css HTTP/1.1" 200 14659 www.bluewillowtucson.com "http://www.bluewillowtucson.com/" "Mozilla/5.0 (iPhone; CPU iPhone OS 12_4_2 like Mac OS X) AppleWebKit/605.1.15 (KHTML, like Gecko) Version/12.1.2 Mobile/15E148 Safari/604.1" "-"
172.58.21.0 - - [29/Oct/2019:11:26:29 -0400] "GET /wp-includes/js/jquery/jquery-migrate.min.js?ver=1.2.1 HTTP/1.1" 200 7200 www.bluewillowtucson.com "http://www.bluewillowtucson.com/" "Mozilla/5.0 (iPhone; CPU iPhone OS 12_4_2 like Mac OS X) AppleWebKit/605.1.15 (KHTML, like Gecko) Version/12.1.2 Mobile/15E148 Safari/604.1" "-"
172.58.21.0 - - [29/Oct/2019:11:26:29 -0400] "GET /wp-content/themes/blue-willow/js/jquery.easing.1.1.1.js HTTP/1.1" 200 3401 www.bluewillowtucson.com "http://www.bluewillowtucson.com/" "Mozilla/5.0 (iPhone; CPU iPhone OS 12_4_2 like Mac OS X) AppleWebKit/605.1.15 (KHTML, like Gecko) Version/12.1.2 Mobile/15E148 Safari/604.1" "-"
172.58.21.0 - - [29/Oct/2019:11:26:29 -0400] "GET /wp-content/themes/blue-willow/js/cycle_config.js HTTP/1.1" 200 552 www.bluewillowtucson.com "http://www.bluewillowtucson.com/" "Mozilla/5.0 (iPhone; CPU iPhone OS 12_4_2 like Mac OS X) AppleWebKit/605.1.15 (KHTML, like Gecko) Version/12.1.2 Mobile/15E148 Safari/604.1" "-"
172.58.21.0 - - [29/Oct/2019:11:26:29 -0400] "GET /wp-content/plugins/contact-form-7/includes/js/jquery.form.min.js?ver=3.51.0-2014.06.20 HTTP/1.1" 200 15248 www.bluewillowtucson.com "http://www.bluewillowtucson.com/" "Mozilla/5.0 (iPhone; CPU iPhone OS 12_4_2 like Mac OS X) AppleWebKit/605.1.15 (KHTML, like Gecko) Version/12.1.2 Mobile/15E148 Safari/604.1" "-"
172.58.21.0 - - [29/Oct/2019:11:26:29 -0400] "GET /wp-content/plugins/contact-form-7/includes/js/scripts.js?ver=4.2.2 HTTP/1.1" 200 11200 www.bluewillowtucson.com "http://www.bluewillowtucson.com/" "Mozilla/5.0 (iPhone; CPU iPhone OS 12_4_2 like Mac OS X) AppleWebKit/605.1.15 (KHTML, like Gecko) Version/12.1.2 Mobile/15E148 Safari/604.1" "-"
172.58.21.0 - - [29/Oct/2019:11:26:29 -0400] "GET /wp-content/themes/blue-willow/images/BlueWillow.png HTTP/1.1" 200 10799 www.bluewillowtucson.com "http://www.bluewillowtucson.com/" "Mozilla/5.0 (iPhone; CPU iPhone OS 12_4_2 like Mac OS X) AppleWebKit/605.1.15 (KHTML, like Gecko) Version/12.1.2 Mobile/15E148 Safari/604.1" "-"
172.58.21.0 - - [29/Oct/2019:11:26:29 -0400] "GET /wp-content/themes/blue-willow/images/cheese-0012.jpg HTTP/1.1" 200 28270 www.bluewillowtucson.com "http://www.bluewillowtucson.com/" "Mozilla/5.0 (iPhone; CPU iPhone OS 12_4_2 like Mac OS X) AppleWebKit/605.1.15 (KHTML, like Gecko) Version/12.1.2 Mobile/15E148 Safari/604.1" "-"
172.58.21.0 - - [29/Oct/2019:11:26:29 -0400] "GET /wp-content/themes/blue-willow/images/salmon-0857.jpg HTTP/1.1" 200 35765 www.bluewillowtucson.com "http://www.bluewillowtucson.com/" "Mozilla/5.0 (iPhone; CPU iPhone OS 12_4_2 like Mac OS X) AppleWebKit/605.1.15 (KHTML, like Gecko) Version/12.1.2 Mobile/15E148 Safari/604.1" "-"
172.58.21.0 - - [29/Oct/2019:11:26:30 -0400] "GET /wp-content/themes/blue-willow/images/web-wide-choc-sour-cream.jpg HTTP/1.1" 200 36482 www.bluewillowtucson.com "http://www.bluewillowtucson.com/" "Mozilla/5.0 (iPhone; CPU iPhone OS 12_4_2 like Mac OS X) AppleWebKit/605.1.15 (KHTML, like Gecko) Version/12.1.2 Mobile/15E148 Safari/604.1" "-"
172.58.21.0 - - [29/Oct/2019:11:26:30 -0400] "GET /wp-content/themes/blue-willow/images/home-patio-h-0092.jpg HTTP/1.1" 200 66488 www.bluewillowtucson.com "http://www.bluewillowtucson.com/" "Mozilla/5.0 (iPhone; CPU iPhone OS 12_4_2 like Mac OS X) AppleWebKit/605.1.15 (KHTML, like Gecko) Version/12.1.2 Mobile/15E148 Safari/604.1" "-"
172.58.21.0 - - [29/Oct/2019:11:26:30 -0400] "GET /wp-content/themes/blue-willow/images/patio-v-0062.jpg HTTP/1.1" 200 32072 www.bluewillowtucson.com "http://www.bluewillowtucson.com/" "Mozilla/5.0 (iPhone; CPU iPhone OS 12_4_2 like Mac OS X) AppleWebKit/605.1.15 (KHTML, like Gecko) Version/12.1.2 Mobile/15E148 Safari/604.1" "-"
172.58.21.0 - - [29/Oct/2019:11:26:30 -0400] "GET /wp-content/themes/blue-willow/images/home-pancakes.jpg HTTP/1.1" 200 19978 www.bluewillowtucson.com "http://www.bluewillowtucson.com/" "Mozilla/5.0 (iPhone; CPU iPhone OS 12_4_2 like Mac OS X) AppleWebKit/605.1.15 (KHTML, like Gecko) Version/12.1.2 Mobile/15E148 Safari/604.1" "-"
172.58.21.0 - - [29/Oct/2019:11:26:30 -0400] "GET /wp-content/uploads/2018/06/TF-blue-willow-chocolate-birthday-cake-4828-300x200.jpg HTTP/1.1" 200 24151 www.bluewillowtucson.com "http://www.bluewillowtucson.com/" "Mozilla/5.0 (iPhone; CPU iPhone OS 12_4_2 like Mac OS X) AppleWebKit/605.1.15 (KHTML, like Gecko) Version/12.1.2 Mobile/15E148 Safari/604.1" "-"
172.58.21.0 - - [29/Oct/2019:11:26:30 -0400] "GET /wp-content/themes/blue-willow/images/salmon-cakes-0611.jpg HTTP/1.1" 200 21691 www.bluewillowtucson.com "http://www.bluewillowtucson.com/" "Mozilla/5.0 (iPhone; CPU iPhone OS 12_4_2 like Mac OS X) AppleWebKit/605.1.15 (KHTML, like Gecko) Version/12.1.2 Mobile/15E148 Safari/604.1" "-"
172.58.21.0 - - [29/Oct/2019:11:26:30 -0400] "GET /wp-content/uploads/2018/03/a1-300x225.jpg HTTP/1.1" 200 29024 www.bluewillowtucson.com "http://www.bluewillowtucson.com/" "Mozilla/5.0 (iPhone; CPU iPhone OS 12_4_2 like Mac OS X) AppleWebKit/605.1.15 (KHTML, like Gecko) Version/12.1.2 Mobile/15E148 Safari/604.1" "-"
172.58.21.0 - - [29/Oct/2019:11:26:30 -0400] "GET /wp-content/themes/blue-willow/images/willow-tree.png HTTP/1.1" 200 54593 www.bluewillowtucson.com "http://www.bluewillowtucson.com/" "Mozilla/5.0 (iPhone; CPU iPhone OS 12_4_2 like Mac OS X) AppleWebKit/605.1.15 (KHTML, like Gecko) Version/12.1.2 Mobile/15E148 Safari/604.1" "-"
172.58.21.0 - - [29/Oct/2019:11:26:30 -0400] "GET /wp-content/themes/blue-willow/images/header-nav-arrow.png HTTP/1.1" 200 259 www.bluewillowtucson.com "http://www.bluewillowtucson.com/" "Mozilla/5.0 (iPhone; CPU iPhone OS 12_4_2 like Mac OS X) AppleWebKit/605.1.15 (KHTML, like Gecko) Version/12.1.2 Mobile/15E148 Safari/604.1" "-"
172.58.21.0 - - [29/Oct/2019:11:26:30 -0400] "GET /wp-content/themes/blue-willow/images/wrapper-bg.png HTTP/1.1" 200 149 www.bluewillowtucson.com "http://www.bluewillowtucson.com/" "Mozilla/5.0 (iPhone; CPU iPhone OS 12_4_2 like Mac OS X) AppleWebKit/605.1.15 (KHTML, like Gecko) Version/12.1.2 Mobile/15E148 Safari/604.1" "-"
172.58.21.0 - - [29/Oct/2019:11:26:31 -0400] "GET /favicon.ico HTTP/1.1" 200 - www.bluewillowtucson.com "http://www.bluewillowtucson.com/" "Mozilla/5.0 (iPhone; CPU iPhone OS 12_4_2 like Mac OS X) AppleWebKit/605.1.15 (KHTML, like Gecko) Version/12.1.2 Mobile/15E148 Safari/604.1" "-"
40.70.214.0 - - [29/Oct/2019:11:26:32 -0400] "POST /wp-login.php HTTP/1.1" 200 3792 www.bluewillowtucson.com "http://www.bluewillowtucson.com/wp-login.php" "Mozilla/5.0 (Windows NT 10.0; Win64; x64) AppleWebKit/537.36 (KHTML, like Gecko) Chrome/63.0.3239.132 Safari/537.36" "-"
66.249.69.0 - - [29/Oct/2019:11:27:13 -0400] "GET / HTTP/1.1" 301 - bluewillowtucson.com "-" "Mozilla/5.0 (Linux; Android 6.0.1; Nexus 5X Build/MMB29P) AppleWebKit/537.36 (KHTML, like Gecko) Chrome/41.0.2272.96 Mobile Safari/537.36 (compatible; Googlebot/2.1; +http://www.google.com/bot.html)" "-"
40.70.214.0 - - [29/Oct/2019:11:27:32 -0400] "POST /wp-login.php HTTP/1.1" 200 3792 www.bluewillowtucson.com "http://www.bluewillowtucson.com/wp-login.php" "Mozilla/5.0 (Windows NT 10.0; Win64; x64) AppleWebKit/537.36 (KHTML, like Gecko) Chrome/63.0.3239.132 Safari/537.36" "-"
172.58.43.0 - - [29/Oct/2019:11:27:46 -0400] "POST /wp-admin/admin-ajax.php HTTP/1.1" 200 47 www.bluewillowtucson.com "http://www.bluewillowtucson.com/wp-admin/" "Mozilla/5.0 (Windows NT 10.0; Win64; x64) AppleWebKit/537.36 (KHTML, like Gecko) Chrome/77.0.3865.120 Safari/537.36" "-"
66.249.75.0 - - [29/Oct/2019:11:28:18 -0400] "GET /?nomobile=1 HTTP/1.1" 200 8537 www.bluewillowtucson.com "-" "Mozilla/5.0 (Linux; Android 6.0.1; Nexus 5X Build/MMB29P) AppleWebKit/537.36 (KHTML, like Gecko) Chrome/41.0.2272.96 Mobile Safari/537.36 (compatible; Googlebot/2.1; +http://www.google.com/bot.html)" "-"
40.70.214.0 - - [29/Oct/2019:11:28:32 -0400] "POST /wp-login.php HTTP/1.1" 200 3792 www.bluewillowtucson.com "http://www.bluewillowtucson.com/wp-login.php" "Mozilla/5.0 (Windows NT 10.0; Win64; x64) AppleWebKit/537.36 (KHTML, like Gecko) Chrome/63.0.3239.132 Safari/537.36" "-"
174.238.141.0 - - [29/Oct/2019:11:29:11 -0400] "GET /food/lunch/ HTTP/1.1" 301 - www.bluewillowtucson.com "-" "Mozilla/5.0 (iPhone; CPU iPhone OS 12_3_1 like Mac OS X) AppleWebKit/605.1.15 (KHTML, like Gecko) Version/12.1.1 Mobile/15E148 Safari/604.1" "-"
174.238.141.0 - - [29/Oct/2019:11:29:11 -0400] "GET /lunch/ HTTP/1.1" 200 14342 www.bluewillowtucson.com "-" "Mozilla/5.0 (iPhone; CPU iPhone OS 12_3_1 like Mac OS X) AppleWebKit/605.1.15 (KHTML, like Gecko) Version/12.1.1 Mobile/15E148 Safari/604.1" "-"
174.238.141.0 - - [29/Oct/2019:11:29:12 -0400] "GET /apple-touch-icon-120x120-precomposed.png HTTP/1.1" 404 8473 www.bluewillowtucson.com "-" "MobileSafari/604.1 CFNetwork/978.0.7 Darwin/18.6.0" "-"
174.238.141.0 - - [29/Oct/2019:11:29:12 -0400] "GET /apple-touch-icon-120x120.png HTTP/1.1" 404 8473 www.bluewillowtucson.com "-" "MobileSafari/604.1 CFNetwork/978.0.7 Darwin/18.6.0" "-"
174.238.141.0 - - [29/Oct/2019:11:29:13 -0400] "GET /apple-touch-icon-precomposed.png HTTP/1.1" 404 8473 www.bluewillowtucson.com "-" "MobileSafari/604.1 CFNetwork/978.0.7 Darwin/18.6.0" "-"
174.238.141.0 - - [29/Oct/2019:11:29:13 -0400] "GET /apple-touch-icon.png HTTP/1.1" 404 8473 www.bluewillowtucson.com "-" "MobileSafari/604.1 CFNetwork/978.0.7 Darwin/18.6.0" "-"
174.238.141.0 - - [29/Oct/2019:11:29:13 -0400] "GET /favicon.ico HTTP/1.1" 200 - www.bluewillowtucson.com "-" "MobileSafari/604.1 CFNetwork/978.0.7 Darwin/18.6.0" "-"
174.238.141.0 - - [29/Oct/2019:11:29:13 -0400] "GET /apple-touch-icon-120x120-precomposed.png HTTP/1.1" 404 8473 www.bluewillowtucson.com "-" "MobileSafari/604.1 CFNetwork/978.0.7 Darwin/18.6.0" "-"
174.238.141.0 - - [29/Oct/2019:11:29:14 -0400] "GET /apple-touch-icon-120x120.png HTTP/1.1" 404 8473 www.bluewillowtucson.com "-" "MobileSafari/604.1 CFNetwork/978.0.7 Darwin/18.6.0" "-"
174.238.141.0 - - [29/Oct/2019:11:29:14 -0400] "GET /apple-touch-icon-precomposed.png HTTP/1.1" 404 8473 www.bluewillowtucson.com "-" "MobileSafari/604.1 CFNetwork/978.0.7 Darwin/18.6.0" "-"
174.238.141.0 - - [29/Oct/2019:11:29:14 -0400] "GET /apple-touch-icon.png HTTP/1.1" 404 8473 www.bluewillowtucson.com "-" "MobileSafari/604.1 CFNetwork/978.0.7 Darwin/18.6.0" "-"
174.238.141.0 - - [29/Oct/2019:11:29:15 -0400] "GET /favicon.ico HTTP/1.1" 200 - www.bluewillowtucson.com "-" "MobileSafari/604.1 CFNetwork/978.0.7 Darwin/18.6.0" "-"
40.70.214.0 - - [29/Oct/2019:11:29:32 -0400] "POST /wp-login.php HTTP/1.1" 200 3792 www.bluewillowtucson.com "http://www.bluewillowtucson.com/wp-login.php" "Mozilla/5.0 (Windows NT 10.0; Win64; x64) AppleWebKit/537.36 (KHTML, like Gecko) Chrome/63.0.3239.132 Safari/537.36" "-"
66.249.75.0 - - [29/Oct/2019:11:30:31 -0400] "GET /0/ HTTP/1.1" 200 8537 www.bluewillowtucson.com "-" "Mozilla/5.0 (Linux; Android 6.0.1; Nexus 5X Build/MMB29P) AppleWebKit/537.36 (KHTML, like Gecko) Chrome/41.0.2272.96 Mobile Safari/537.36 (compatible; Googlebot/2.1; +http://www.google.com/bot.html)" "-"
40.70.214.0 - - [29/Oct/2019:11:30:33 -0400] "POST /wp-login.php HTTP/1.1" 200 3792 www.bluewillowtucson.com "http://www.bluewillowtucson.com/wp-login.php" "Mozilla/5.0 (Windows NT 10.0; Win64; x64) AppleWebKit/537.36 (KHTML, like Gecko) Chrome/63.0.3239.132 Safari/537.36" "-"
40.70.214.0 - - [29/Oct/2019:11:31:33 -0400] "POST /wp-login.php HTTP/1.1" 200 3792 www.bluewillowtucson.com "http://www.bluewillowtucson.com/wp-login.php" "Mozilla/5.0 (Windows NT 10.0; Win64; x64) AppleWebKit/537.36 (KHTML, like Gecko) Chrome/63.0.3239.132 Safari/537.36" "-"
40.70.214.0 - - [29/Oct/2019:11:32:33 -0400] "POST /wp-login.php HTTP/1.1" 200 3792 www.bluewillowtucson.com "http://www.bluewillowtucson.com/wp-login.php" "Mozilla/5.0 (Windows NT 10.0; Win64; x64) AppleWebKit/537.36 (KHTML, like Gecko) Chrome/63.0.3239.132 Safari/537.36" "-"
40.70.214.0 - - [29/Oct/2019:11:33:33 -0400] "POST /wp-login.php HTTP/1.1" 200 3792 www.bluewillowtucson.com "http://www.bluewillowtucson.com/wp-login.php" "Mozilla/5.0 (Windows NT 10.0; Win64; x64) AppleWebKit/537.36 (KHTML, like Gecko) Chrome/63.0.3239.132 Safari/537.36" "-"
40.70.214.0 - - [29/Oct/2019:11:34:34 -0400] "POST /wp-login.php HTTP/1.1" 200 3792 www.bluewillowtucson.com "http://www.bluewillowtucson.com/wp-login.php" "Mozilla/5.0 (Windows NT 10.0; Win64; x64) AppleWebKit/537.36 (KHTML, like Gecko) Chrome/63.0.3239.132 Safari/537.36" "-"
40.70.214.0 - - [29/Oct/2019:11:35:34 -0400] "POST /wp-login.php HTTP/1.1" 200 3792 www.bluewillowtucson.com "http://www.bluewillowtucson.com/wp-login.php" "Mozilla/5.0 (Windows NT 10.0; Win64; x64) AppleWebKit/537.36 (KHTML, like Gecko) Chrome/63.0.3239.132 Safari/537.36" "-"
